[debug] [2026-08-16T00:16:58.057Z] ----------------------------------------------------------------------
[debug] [2026-08-16T00:16:58.059Z] Command:       /usr/local/share/nvm/versions/node/v24.14.0/bin/node /home/codespace/nvm/current/bin/firebase emulators:start --project demo-leternel
[debug] [2026-08-16T00:16:58.059Z] CLI Version:   15.27.0
[debug] [2026-08-16T00:16:58.059Z] Platform:      linux
[debug] [2026-08-16T00:16:58.060Z] Node Version:  v24.14.0
[debug] [2026-08-16T00:16:58.060Z] Detected Agent: unknown
[debug] [2026-08-16T00:16:58.060Z] Time:          Sun Aug 16 2026 00:16:58 GMT+0000 (Coordinated Universal Time)
[debug] [2026-08-16T00:16:58.060Z] ----------------------------------------------------------------------
[debug] 
[debug] [2026-08-16T00:16:58.824Z] Object "" in "firebase.json" has unknown property: {"additionalProperty":"projects"}
[debug] [2026-08-16T00:16:58.826Z] > command requires scopes: ["email","openid","https://www.googleapis.com/auth/cloudplatformprojects.readonly","https://www.googleapis.com/auth/firebase","https://www.googleapis.com/auth/cloud-platform"]
[debug] Failed to authenticate, have you run firebase login?
[warn] ⚠  emulators: You are not currently authenticated so some features may not work correctly. Please run firebase login to authenticate the CLI. 
[debug] [2026-08-16T00:16:58.888Z] openjdk version "25.0.2" 2026-01-20 LTS
OpenJDK Runtime Environment Microsoft-13053558 (build 25.0.2+10-LTS)
OpenJDK 64-Bit Server VM Microsoft-13053558 (build 25.0.2+10-LTS, mixed mode, sharing)

[debug] [2026-08-16T00:16:58.892Z] Parsed Java major version: 25
[info] i  emulators: Starting emulators: auth, functions, firestore, hosting, storage, extensions {"metadata":{"emulator":{"name":"hub"},"message":"Starting emulators: auth, functions, firestore, hosting, storage, extensions"}}
[info] i  emulators: Detected demo project ID "demo-leternel", emulated services will use a demo configuration and attempts to access non-emulated services for this project will fail. {"metadata":{"emulator":{"name":"hub"},"message":"Detected demo project ID \"demo-leternel\", emulated services will use a demo configuration and attempts to access non-emulated services for this project will fail."}}
[debug] [2026-08-16T00:16:58.897Z] [logging] Logging Emulator only supports listening on one address (127.0.0.1). Not listening on ::1
[debug] [2026-08-16T00:16:58.897Z] [auth] Authentication Emulator only supports listening on one address (127.0.0.1). Not listening on ::1
[debug] [2026-08-16T00:16:58.897Z] [firestore] Firestore Emulator only supports listening on one address (127.0.0.1). Not listening on ::1
[debug] [2026-08-16T00:16:58.897Z] [firestore.websocket] websocket server for firestore only supports listening on one address (127.0.0.1). Not listening on ::1
[debug] [2026-08-16T00:16:58.898Z] [hosting] Hosting Emulator only supports listening on one address (127.0.0.1). Not listening on ::1
[debug] [2026-08-16T00:16:58.898Z] [storage] Storage Emulator only supports listening on one address (127.0.0.1). Not listening on ::1
[debug] [2026-08-16T00:16:58.898Z] assigned listening specs for emulators {"user":{"hub":[{"address":"127.0.0.1","family":"IPv4","port":4400},{"address":"::1","family":"IPv6","port":4400}],"ui":[{"address":"127.0.0.1","family":"IPv4","port":4000},{"address":"::1","family":"IPv6","port":4000}],"logging":[{"address":"127.0.0.1","family":"IPv4","port":4500}],"auth":[{"address":"127.0.0.1","family":"IPv4","port":9099}],"firestore":[{"address":"127.0.0.1","family":"IPv4","port":8080}],"firestore.websocket":[{"address":"127.0.0.1","family":"IPv4","port":9150}],"hosting":[{"address":"127.0.0.1","family":"IPv4","port":5000}],"storage":[{"address":"127.0.0.1","family":"IPv4","port":9199}]},"metadata":{"message":"assigned listening specs for emulators"}}
[debug] [2026-08-16T00:16:58.901Z] Write emulator hub locator at /tmp/hub-demo-leternel.json
[debug] [2026-08-16T00:16:58.904Z] [Extensions] Started Extensions emulator, this is a noop.
[debug] [2026-08-16T00:16:58.905Z] [functions] Functions Emulator only supports listening on one address (127.0.0.1). Not listening on ::1
[debug] [2026-08-16T00:16:58.905Z] [eventarc] Eventarc Emulator only supports listening on one address (127.0.0.1). Not listening on ::1
[debug] [2026-08-16T00:16:58.905Z] [tasks] Cloud Tasks Emulator only supports listening on one address (127.0.0.1). Not listening on ::1
[debug] [2026-08-16T00:16:58.905Z] late-assigned ports for functions and eventarc emulators {"user":{"hub":[{"address":"127.0.0.1","family":"IPv4","port":4400},{"address":"::1","family":"IPv6","port":4400}],"ui":[{"address":"127.0.0.1","family":"IPv4","port":4000},{"address":"::1","family":"IPv6","port":4000}],"logging":[{"address":"127.0.0.1","family":"IPv4","port":4500}],"auth":[{"address":"127.0.0.1","family":"IPv4","port":9099}],"firestore":[{"address":"127.0.0.1","family":"IPv4","port":8080}],"firestore.websocket":[{"address":"127.0.0.1","family":"IPv4","port":9150}],"hosting":[{"address":"127.0.0.1","family":"IPv4","port":5000}],"storage":[{"address":"127.0.0.1","family":"IPv4","port":9199}],"functions":[{"address":"127.0.0.1","family":"IPv4","port":5001}],"eventarc":[{"address":"127.0.0.1","family":"IPv4","port":9299}],"tasks":[{"address":"127.0.0.1","family":"IPv4","port":9499}]},"metadata":{"message":"late-assigned ports for functions and eventarc emulators"}}
[debug] [2026-08-16T00:16:58.912Z] Ignoring unsupported arg: auto_download {"metadata":{"emulator":{"name":"firestore"},"message":"Ignoring unsupported arg: auto_download"}}
[debug] [2026-08-16T00:16:58.912Z] Ignoring unsupported arg: single_project_mode_error {"metadata":{"emulator":{"name":"firestore"},"message":"Ignoring unsupported arg: single_project_mode_error"}}
[debug] [2026-08-16T00:16:58.912Z] Starting Firestore Emulator with command {"binary":"java","args":["-Dgoogle.cloud_firestore.debug_log_level=FINE","-Duser.language=en","-jar","/home/codespace/.cache/firebase/emulators/cloud-firestore-emulator-v1.22.0.jar","--host","127.0.0.1","--port",8080,"--websocket_port",9150,"--database-edition","standard","--project_id","demo-leternel","--rules","/workspaces/leternel-store-/firestore.rules","--single_project_mode",true,"--functions_emulator","127.0.0.1:5001"],"optionalArgs":["port","webchannel_port","host","rules","websocket_port","database-edition","functions_emulator","seed_from_export","project_id","single_project_mode"],"joinArgs":false,"shell":false,"port":8080} {"metadata":{"emulator":{"name":"firestore"},"message":"Starting Firestore Emulator with command {\"binary\":\"java\",\"args\":[\"-Dgoogle.cloud_firestore.debug_log_level=FINE\",\"-Duser.language=en\",\"-jar\",\"/home/codespace/.cache/firebase/emulators/cloud-firestore-emulator-v1.22.0.jar\",\"--host\",\"127.0.0.1\",\"--port\",8080,\"--websocket_port\",9150,\"--database-edition\",\"standard\",\"--project_id\",\"demo-leternel\",\"--rules\",\"/workspaces/leternel-store-/firestore.rules\",\"--single_project_mode\",true,\"--functions_emulator\",\"127.0.0.1:5001\"],\"optionalArgs\":[\"port\",\"webchannel_port\",\"host\",\"rules\",\"websocket_port\",\"database-edition\",\"functions_emulator\",\"seed_from_export\",\"project_id\",\"single_project_mode\"],\"joinArgs\":false,\"shell\":false,\"port\":8080}"}}
[info] i  firestore: Firestore Emulator logging to firestore-debug.log {"metadata":{"emulator":{"name":"firestore"},"message":"Firestore Emulator logging to \u001b[1mfirestore-debug.log\u001b[22m"}}
[debug] [2026-08-16T00:16:59.224Z] WARNING: A terminally deprecated method in sun.misc.Unsafe has been called
WARNING: sun.misc.Unsafe::allocateMemory has been called by io.netty.util.internal.PlatformDependent0$2 (file:/home/codespace/.cache/firebase/emulators/cloud-firestore-emulator-v1.22.0.jar)
WARNING: Please consider reporting this to the maintainers of class io.netty.util.internal.PlatformDependent0$2
WARNING: sun.misc.Unsafe::allocateMemory will be removed in a future release
 {"metadata":{"emulator":{"name":"firestore"},"message":"WARNING: A terminally deprecated method in sun.misc.Unsafe has been called\nWARNING: sun.misc.Unsafe::allocateMemory has been called by io.netty.util.internal.PlatformDependent0$2 (file:/home/codespace/.cache/firebase/emulators/cloud-firestore-emulator-v1.22.0.jar)\nWARNING: Please consider reporting this to the maintainers of class io.netty.util.internal.PlatformDependent0$2\nWARNING: sun.misc.Unsafe::allocateMemory will be removed in a future release\n"}}
[debug] [2026-08-16T00:16:59.540Z] WARNING: A restricted method in  {"metadata":{"emulator":{"name":"firestore"},"message":"WARNING: A restricted method in "}}
[debug] [2026-08-16T00:16:59.540Z] java.lang.System has been called
WARNING: java.lang.System::loadLibrary has been called by io.netty.util.internal.NativeLibraryUtil in an unnamed module (file:/home/codespace/.cache/firebase/emulators/cloud-firestore-emulator-v1.22.0.jar)
WARNING: Use --enable-native-access=ALL-UNNAMED to avoid a warning for callers in this module
WARNING: Restricted methods will be blocked in a future release unless native access is enabled

 {"metadata":{"emulator":{"name":"firestore"},"message":"java.lang.System has been called\nWARNING: java.lang.System::loadLibrary has been called by io.netty.util.internal.NativeLibraryUtil in an unnamed module (file:/home/codespace/.cache/firebase/emulators/cloud-firestore-emulator-v1.22.0.jar)\nWARNING: Use --enable-native-access=ALL-UNNAMED to avoid a warning for callers in this module\nWARNING: Restricted methods will be blocked in a future release unless native access is enabled\n\n"}}
[debug] [2026-08-16T00:17:00.023Z] Aug 16, 2026 12:17:00 AM com.google.cloud.datastore.emulator.firestore.websocket.WebSocketServer start
INFO: Started WebSocket server on ws://127.0.0.1:9150
 {"metadata":{"emulator":{"name":"firestore"},"message":"Aug 16, 2026 12:17:00 AM com.google.cloud.datastore.emulator.firestore.websocket.WebSocketServer start\nINFO: Started WebSocket server on ws://127.0.0.1:9150\n"}}
[debug] [2026-08-16T00:17:00.051Z] 
API endpoint: http:// {"metadata":{"emulator":{"name":"firestore"},"message":"\nAPI endpoint: http://"}}
[debug] [2026-08-16T00:17:00.052Z] 127.0.0.1:8080
Database Edition: STANDARD
Database Mode: CLOUD_FIRESTORE

If you are using a library that supports the FIRESTORE_EMULATOR_HOST environment variable, run:

   export FIRESTORE_EMULATOR_HOST=127.0.0.1:8080

If you are running a Firestore in Datastore Mode project, run:

   export DATASTORE_EMULATOR_HOST=127.0.0.1:8080

Note: Support for Datastore Mode is in preview. If you encounter any bugs please file at https://github.com/firebase/firebase-tools/issues.
Dev App Server is now running.

 {"metadata":{"emulator":{"name":"firestore"},"message":"127.0.0.1:8080\nDatabase Edition: STANDARD\nDatabase Mode: CLOUD_FIRESTORE\n\nIf you are using a library that supports the FIRESTORE_EMULATOR_HOST environment variable, run:\n\n   export FIRESTORE_EMULATOR_HOST=127.0.0.1:8080\n\nIf you are running a Firestore in Datastore Mode project, run:\n\n   export DATASTORE_EMULATOR_HOST=127.0.0.1:8080\n\nNote: Support for Datastore Mode is in preview. If you encounter any bugs please file at https://github.com/firebase/firebase-tools/issues.\nDev App Server is now running.\n\n"}}
[info] ✔  firestore: Firestore Emulator was started in standard edition. {"metadata":{"emulator":{"name":"firestore"},"message":"Firestore Emulator was started in standard edition."}}
[info] ✔  firestore: Firestore Emulator UI websocket is running on 9150. {"metadata":{"emulator":{"name":"firestore"},"message":"Firestore Emulator UI websocket is running on 9150."}}
[debug] [2026-08-16T00:17:05.134Z] Ignoring unsupported arg: port {"metadata":{"emulator":{"name":"storage"},"message":"Ignoring unsupported arg: port"}}
[warn] ⚠  Unexpected rules runtime error: WARNING: A terminally deprecated method in sun.misc.Unsafe has been called
WARNING: sun.misc.Unsafe::arrayBaseOffset has been called by com.google.protobuf.UnsafeUtil$MemoryAccessor (file:/home/codespace/.cache/firebase/emulators/cloud-storage-rules-runtime-v1.1.3.jar)
WARNING: Please consider reporting this to the maintainers of class com.google.protobuf.UnsafeUtil$MemoryAccessor
WARNING: sun.misc.Unsafe::arrayBaseOffset will be removed in a future release
 {"metadata":{"emulator":{"name":"storage"},"message":"Unexpected rules runtime error: WARNING: A terminally deprecated method in sun.misc.Unsafe has been called\nWARNING: sun.misc.Unsafe::arrayBaseOffset has been called by com.google.protobuf.UnsafeUtil$MemoryAccessor (file:/home/codespace/.cache/firebase/emulators/cloud-storage-rules-runtime-v1.1.3.jar)\nWARNING: Please consider reporting this to the maintainers of class com.google.protobuf.UnsafeUtil$MemoryAccessor\nWARNING: sun.misc.Unsafe::arrayBaseOffset will be removed in a future release\n"}}
[debug] [2026-08-16T00:17:06.503Z] Temp file directory for storage emulator: /tmp/firebase/storage/blobs {"metadata":{"emulator":{"name":"storage"},"message":"Temp file directory for storage emulator: /tmp/firebase/storage/blobs"}}
[debug] [2026-08-16T00:17:06.521Z] No OAuth tokens found
[debug] [2026-08-16T00:17:06.521Z] No OAuth tokens found
[debug] [2026-08-16T00:17:06.521Z] > command requires scopes: ["email","openid","https://www.googleapis.com/auth/cloudplatformprojects.readonly","https://www.googleapis.com/auth/firebase","https://www.googleapis.com/auth/cloud-platform"]
[debug] [2026-08-16T00:17:06.522Z] Failed to authenticate, have you run firebase login? (original: Could not load the default credentials. Browse to https://cloud.google.com/docs/authentication/getting-started for more information.)
[info] ✔  hosting[demo-leternel]: Local server: http://127.0.0.1:5000 {"metadata":{"emulator":{"name":"hosting"},"message":"Local server: \u001b[4m\u001b[1mhttp://127.0.0.1:5000\u001b[22m\u001b[24m"}}
[info] i  ui: downloading ui-v1.15.0.zip... {"metadata":{"emulator":{"name":"ui"},"message":"downloading ui-v1.15.0.zip..."}}
[debug] [2026-08-16T00:17:06.535Z] >>> [apiv2][query] GET https://storage.googleapis.com/firebase-preview-drop/emulator/ui-v1.15.0.zip 
[debug] [2026-08-16T00:17:06.564Z] <<< [apiv2][status] GET https://storage.googleapis.com/firebase-preview-drop/emulator/ui-v1.15.0.zip 200
[debug] [2026-08-16T00:17:06.564Z] <<< [apiv2][body] GET https://storage.googleapis.com/firebase-preview-drop/emulator/ui-v1.15.0.zip [stream]
[debug] [2026-08-16T00:17:06.637Z] Data is 3538469
[debug] [2026-08-16T00:17:06.638Z] [unzip] Entry: client/ (compressed_size=0 bytes, uncompressed_size=0 bytes)
[debug] [2026-08-16T00:17:06.638Z] [unzip] Processing entry: client/
[debug] [2026-08-16T00:17:06.638Z] [unzip] mkdir: /home/codespace/.cache/firebase/emulators/ui-v1.15.0/client/
[debug] [2026-08-16T00:17:06.639Z] [unzip] Entry: client/favicon-16x16.png (compressed_size=293 bytes, uncompressed_size=293 bytes)
[debug] [2026-08-16T00:17:06.639Z] [unzip] Processing entry: client/favicon-16x16.png
[debug] [2026-08-16T00:17:06.639Z] [unzip] else mkdir: /home/codespace/.cache/firebase/emulators/ui-v1.15.0/client
[debug] [2026-08-16T00:17:06.639Z] [unzip] Writing file: /home/codespace/.cache/firebase/emulators/ui-v1.15.0/client/favicon-16x16.png
[debug] [2026-08-16T00:17:06.639Z] [unzip] Entry: client/safari-pinned-tab.svg (compressed_size=1433 bytes, uncompressed_size=2611 bytes)
[debug] [2026-08-16T00:17:06.640Z] [unzip] Processing entry: client/safari-pinned-tab.svg
[debug] [2026-08-16T00:17:06.640Z] [unzip] else mkdir: /home/codespace/.cache/firebase/emulators/ui-v1.15.0/client
[debug] [2026-08-16T00:17:06.640Z] [unzip] deflating: /home/codespace/.cache/firebase/emulators/ui-v1.15.0/client/safari-pinned-tab.svg
[debug] [2026-08-16T00:17:06.643Z] [unzip] Entry: client/favicon.ico (compressed_size=2933 bytes, uncompressed_size=13294 bytes)
[debug] [2026-08-16T00:17:06.643Z] [unzip] Processing entry: client/favicon.ico
[debug] [2026-08-16T00:17:06.643Z] [unzip] else mkdir: /home/codespace/.cache/firebase/emulators/ui-v1.15.0/client
[debug] [2026-08-16T00:17:06.643Z] [unzip] deflating: /home/codespace/.cache/firebase/emulators/ui-v1.15.0/client/favicon.ico
[debug] [2026-08-16T00:17:06.644Z] [unzip] Entry: client/index.html (compressed_size=1364 bytes, uncompressed_size=3071 bytes)
[debug] [2026-08-16T00:17:06.644Z] [unzip] Processing entry: client/index.html
[debug] [2026-08-16T00:17:06.644Z] [unzip] else mkdir: /home/codespace/.cache/firebase/emulators/ui-v1.15.0/client
[debug] [2026-08-16T00:17:06.644Z] [unzip] deflating: /home/codespace/.cache/firebase/emulators/ui-v1.15.0/client/index.html
[debug] [2026-08-16T00:17:06.645Z] [unzip] Entry: client/android-chrome-192x192.png (compressed_size=2684 bytes, uncompressed_size=2684 bytes)
[debug] [2026-08-16T00:17:06.645Z] [unzip] Processing entry: client/android-chrome-192x192.png
[debug] [2026-08-16T00:17:06.645Z] [unzip] else mkdir: /home/codespace/.cache/firebase/emulators/ui-v1.15.0/client
[debug] [2026-08-16T00:17:06.645Z] [unzip] Writing file: /home/codespace/.cache/firebase/emulators/ui-v1.15.0/client/android-chrome-192x192.png
[debug] [2026-08-16T00:17:06.646Z] [unzip] Entry: client/apple-touch-icon.png (compressed_size=2123 bytes, uncompressed_size=2152 bytes)
[debug] [2026-08-16T00:17:06.646Z] [unzip] Processing entry: client/apple-touch-icon.png
[debug] [2026-08-16T00:17:06.646Z] [unzip] else mkdir: /home/codespace/.cache/firebase/emulators/ui-v1.15.0/client
[debug] [2026-08-16T00:17:06.646Z] [unzip] deflating: /home/codespace/.cache/firebase/emulators/ui-v1.15.0/client/apple-touch-icon.png
[debug] [2026-08-16T00:17:06.647Z] [unzip] Entry: client/android-chrome-512x512.png (compressed_size=5369 bytes, uncompressed_size=5411 bytes)
[debug] [2026-08-16T00:17:06.647Z] [unzip] Processing entry: client/android-chrome-512x512.png
[debug] [2026-08-16T00:17:06.647Z] [unzip] else mkdir: /home/codespace/.cache/firebase/emulators/ui-v1.15.0/client
[debug] [2026-08-16T00:17:06.647Z] [unzip] deflating: /home/codespace/.cache/firebase/emulators/ui-v1.15.0/client/android-chrome-512x512.png
[debug] [2026-08-16T00:17:06.648Z] [unzip] Entry: client/manifest.json (compressed_size=245 bytes, uncompressed_size=551 bytes)
[debug] [2026-08-16T00:17:06.648Z] [unzip] Processing entry: client/manifest.json
[debug] [2026-08-16T00:17:06.648Z] [unzip] else mkdir: /home/codespace/.cache/firebase/emulators/ui-v1.15.0/client
[debug] [2026-08-16T00:17:06.648Z] [unzip] deflating: /home/codespace/.cache/firebase/emulators/ui-v1.15.0/client/manifest.json
[debug] [2026-08-16T00:17:06.649Z] [unzip] Entry: client/robots.txt (compressed_size=26 bytes, uncompressed_size=26 bytes)
[debug] [2026-08-16T00:17:06.649Z] [unzip] Processing entry: client/robots.txt
[debug] [2026-08-16T00:17:06.649Z] [unzip] else mkdir: /home/codespace/.cache/firebase/emulators/ui-v1.15.0/client
[debug] [2026-08-16T00:17:06.649Z] [unzip] Writing file: /home/codespace/.cache/firebase/emulators/ui-v1.15.0/client/robots.txt
[debug] [2026-08-16T00:17:06.650Z] [unzip] Entry: client/mstile-150x150.png (compressed_size=2034 bytes, uncompressed_size=2034 bytes)
[debug] [2026-08-16T00:17:06.650Z] [unzip] Processing entry: client/mstile-150x150.png
[debug] [2026-08-16T00:17:06.650Z] [unzip] else mkdir: /home/codespace/.cache/firebase/emulators/ui-v1.15.0/client
[debug] [2026-08-16T00:17:06.650Z] [unzip] Writing file: /home/codespace/.cache/firebase/emulators/ui-v1.15.0/client/mstile-150x150.png
[debug] [2026-08-16T00:17:06.650Z] [unzip] Entry: client/assets/ (compressed_size=0 bytes, uncompressed_size=0 bytes)
[debug] [2026-08-16T00:17:06.651Z] [unzip] Processing entry: client/assets/
[debug] [2026-08-16T00:17:06.651Z] [unzip] mkdir: /home/codespace/.cache/firebase/emulators/ui-v1.15.0/client/assets/
[debug] [2026-08-16T00:17:06.651Z] [unzip] Entry: client/assets/index-BX-A56oj.js (compressed_size=582089 bytes, uncompressed_size=2092775 bytes)
[debug] [2026-08-16T00:17:06.651Z] [unzip] Processing entry: client/assets/index-BX-A56oj.js
[debug] [2026-08-16T00:17:06.651Z] [unzip] else mkdir: /home/codespace/.cache/firebase/emulators/ui-v1.15.0/client/assets
[debug] [2026-08-16T00:17:06.651Z] [unzip] deflating: /home/codespace/.cache/firebase/emulators/ui-v1.15.0/client/assets/index-BX-A56oj.js
[debug] [2026-08-16T00:17:06.665Z] [unzip] Entry: client/assets/index-CjB9C900.css (compressed_size=35979 bytes, uncompressed_size=298654 bytes)
[debug] [2026-08-16T00:17:06.665Z] [unzip] Processing entry: client/assets/index-CjB9C900.css
[debug] [2026-08-16T00:17:06.665Z] [unzip] else mkdir: /home/codespace/.cache/firebase/emulators/ui-v1.15.0/client/assets
[debug] [2026-08-16T00:17:06.665Z] [unzip] deflating: /home/codespace/.cache/firebase/emulators/ui-v1.15.0/client/assets/index-CjB9C900.css
[debug] [2026-08-16T00:17:06.667Z] [unzip] Entry: client/assets/index-BX-A56oj.js.map (compressed_size=2362482 bytes, uncompressed_size=10036679 bytes)
[debug] [2026-08-16T00:17:06.667Z] [unzip] Processing entry: client/assets/index-BX-A56oj.js.map
[debug] [2026-08-16T00:17:06.668Z] [unzip] else mkdir: /home/codespace/.cache/firebase/emulators/ui-v1.15.0/client/assets
[debug] [2026-08-16T00:17:06.668Z] [unzip] deflating: /home/codespace/.cache/firebase/emulators/ui-v1.15.0/client/assets/index-BX-A56oj.js.map
[debug] [2026-08-16T00:17:06.726Z] [unzip] Entry: client/assets/extensions/ (compressed_size=0 bytes, uncompressed_size=0 bytes)
[debug] [2026-08-16T00:17:06.726Z] [unzip] Processing entry: client/assets/extensions/
[debug] [2026-08-16T00:17:06.726Z] [unzip] mkdir: /home/codespace/.cache/firebase/emulators/ui-v1.15.0/client/assets/extensions/
[debug] [2026-08-16T00:17:06.727Z] [unzip] Entry: client/assets/extensions/default-extension.png (compressed_size=1646 bytes, uncompressed_size=1657 bytes)
[debug] [2026-08-16T00:17:06.727Z] [unzip] Processing entry: client/assets/extensions/default-extension.png
[debug] [2026-08-16T00:17:06.727Z] [unzip] else mkdir: /home/codespace/.cache/firebase/emulators/ui-v1.15.0/client/assets/extensions
[debug] [2026-08-16T00:17:06.727Z] [unzip] deflating: /home/codespace/.cache/firebase/emulators/ui-v1.15.0/client/assets/extensions/default-extension.png
[debug] [2026-08-16T00:17:06.728Z] [unzip] Entry: client/assets/img/ (compressed_size=0 bytes, uncompressed_size=0 bytes)
[debug] [2026-08-16T00:17:06.728Z] [unzip] Processing entry: client/assets/img/
[debug] [2026-08-16T00:17:06.728Z] [unzip] mkdir: /home/codespace/.cache/firebase/emulators/ui-v1.15.0/client/assets/img/
[debug] [2026-08-16T00:17:06.728Z] [unzip] Entry: client/assets/img/database.png (compressed_size=29449 bytes, uncompressed_size=29988 bytes)
[debug] [2026-08-16T00:17:06.729Z] [unzip] Processing entry: client/assets/img/database.png
[debug] [2026-08-16T00:17:06.729Z] [unzip] else mkdir: /home/codespace/.cache/firebase/emulators/ui-v1.15.0/client/assets/img
[debug] [2026-08-16T00:17:06.729Z] [unzip] deflating: /home/codespace/.cache/firebase/emulators/ui-v1.15.0/client/assets/img/database.png
[debug] [2026-08-16T00:17:06.729Z] [unzip] Entry: client/assets/provider-icons/ (compressed_size=0 bytes, uncompressed_size=0 bytes)
[debug] [2026-08-16T00:17:06.729Z] [unzip] Processing entry: client/assets/provider-icons/
[debug] [2026-08-16T00:17:06.730Z] [unzip] mkdir: /home/codespace/.cache/firebase/emulators/ui-v1.15.0/client/assets/provider-icons/
[debug] [2026-08-16T00:17:06.730Z] [unzip] Entry: client/assets/provider-icons/auth_service_saml.svg (compressed_size=575 bytes, uncompressed_size=1226 bytes)
[debug] [2026-08-16T00:17:06.730Z] [unzip] Processing entry: client/assets/provider-icons/auth_service_saml.svg
[debug] [2026-08-16T00:17:06.730Z] [unzip] else mkdir: /home/codespace/.cache/firebase/emulators/ui-v1.15.0/client/assets/provider-icons
[debug] [2026-08-16T00:17:06.730Z] [unzip] deflating: /home/codespace/.cache/firebase/emulators/ui-v1.15.0/client/assets/provider-icons/auth_service_saml.svg
[debug] [2026-08-16T00:17:06.731Z] [unzip] Entry: client/assets/provider-icons/auth_service_phone.svg (compressed_size=261 bytes, uncompressed_size=414 bytes)
[debug] [2026-08-16T00:17:06.731Z] [unzip] Processing entry: client/assets/provider-icons/auth_service_phone.svg
[debug] [2026-08-16T00:17:06.731Z] [unzip] else mkdir: /home/codespace/.cache/firebase/emulators/ui-v1.15.0/client/assets/provider-icons
[debug] [2026-08-16T00:17:06.731Z] [unzip] deflating: /home/codespace/.cache/firebase/emulators/ui-v1.15.0/client/assets/provider-icons/auth_service_phone.svg
[debug] [2026-08-16T00:17:06.731Z] [unzip] Entry: client/assets/provider-icons/auth_service_facebook.svg (compressed_size=289 bytes, uncompressed_size=457 bytes)
[debug] [2026-08-16T00:17:06.731Z] [unzip] Processing entry: client/assets/provider-icons/auth_service_facebook.svg
[debug] [2026-08-16T00:17:06.732Z] [unzip] else mkdir: /home/codespace/.cache/firebase/emulators/ui-v1.15.0/client/assets/provider-icons
[debug] [2026-08-16T00:17:06.732Z] [unzip] deflating: /home/codespace/.cache/firebase/emulators/ui-v1.15.0/client/assets/provider-icons/auth_service_facebook.svg
[debug] [2026-08-16T00:17:06.732Z] [unzip] Entry: client/assets/provider-icons/auth_service_game_center.svg (compressed_size=991 bytes, uncompressed_size=3921 bytes)
[debug] [2026-08-16T00:17:06.733Z] [unzip] Processing entry: client/assets/provider-icons/auth_service_game_center.svg
[debug] [2026-08-16T00:17:06.733Z] [unzip] else mkdir: /home/codespace/.cache/firebase/emulators/ui-v1.15.0/client/assets/provider-icons
[debug] [2026-08-16T00:17:06.733Z] [unzip] deflating: /home/codespace/.cache/firebase/emulators/ui-v1.15.0/client/assets/provider-icons/auth_service_game_center.svg
[debug] [2026-08-16T00:17:06.733Z] [unzip] Entry: client/assets/provider-icons/auth_service_apple.svg (compressed_size=230 bytes, uncompressed_size=334 bytes)
[debug] [2026-08-16T00:17:06.733Z] [unzip] Processing entry: client/assets/provider-icons/auth_service_apple.svg
[debug] [2026-08-16T00:17:06.733Z] [unzip] else mkdir: /home/codespace/.cache/firebase/emulators/ui-v1.15.0/client/assets/provider-icons
[debug] [2026-08-16T00:17:06.734Z] [unzip] deflating: /home/codespace/.cache/firebase/emulators/ui-v1.15.0/client/assets/provider-icons/auth_service_apple.svg
[debug] [2026-08-16T00:17:06.734Z] [unzip] Entry: client/assets/provider-icons/auth_service_github.svg (compressed_size=466 bytes, uncompressed_size=838 bytes)
[debug] [2026-08-16T00:17:06.734Z] [unzip] Processing entry: client/assets/provider-icons/auth_service_github.svg
[debug] [2026-08-16T00:17:06.734Z] [unzip] else mkdir: /home/codespace/.cache/firebase/emulators/ui-v1.15.0/client/assets/provider-icons
[debug] [2026-08-16T00:17:06.734Z] [unzip] deflating: /home/codespace/.cache/firebase/emulators/ui-v1.15.0/client/assets/provider-icons/auth_service_github.svg
[debug] [2026-08-16T00:17:06.735Z] [unzip] Entry: client/assets/provider-icons/auth_service_mslive.svg (compressed_size=203 bytes, uncompressed_size=378 bytes)
[debug] [2026-08-16T00:17:06.735Z] [unzip] Processing entry: client/assets/provider-icons/auth_service_mslive.svg
[debug] [2026-08-16T00:17:06.735Z] [unzip] else mkdir: /home/codespace/.cache/firebase/emulators/ui-v1.15.0/client/assets/provider-icons
[debug] [2026-08-16T00:17:06.735Z] [unzip] deflating: /home/codespace/.cache/firebase/emulators/ui-v1.15.0/client/assets/provider-icons/auth_service_mslive.svg
[debug] [2026-08-16T00:17:06.736Z] [unzip] Entry: client/assets/provider-icons/auth_service_yahoo.svg (compressed_size=577 bytes, uncompressed_size=1182 bytes)
[debug] [2026-08-16T00:17:06.737Z] [unzip] Processing entry: client/assets/provider-icons/auth_service_yahoo.svg
[debug] [2026-08-16T00:17:06.737Z] [unzip] else mkdir: /home/codespace/.cache/firebase/emulators/ui-v1.15.0/client/assets/provider-icons
[debug] [2026-08-16T00:17:06.737Z] [unzip] deflating: /home/codespace/.cache/firebase/emulators/ui-v1.15.0/client/assets/provider-icons/auth_service_yahoo.svg
[debug] [2026-08-16T00:17:06.737Z] [unzip] Entry: client/assets/provider-icons/auth_service_twitter.svg (compressed_size=444 bytes, uncompressed_size=751 bytes)
[debug] [2026-08-16T00:17:06.737Z] [unzip] Processing entry: client/assets/provider-icons/auth_service_twitter.svg
[debug] [2026-08-16T00:17:06.737Z] [unzip] else mkdir: /home/codespace/.cache/firebase/emulators/ui-v1.15.0/client/assets/provider-icons
[debug] [2026-08-16T00:17:06.738Z] [unzip] deflating: /home/codespace/.cache/firebase/emulators/ui-v1.15.0/client/assets/provider-icons/auth_service_twitter.svg
[debug] [2026-08-16T00:17:06.738Z] [unzip] Entry: client/assets/provider-icons/auth_service_play_games.svg (compressed_size=565 bytes, uncompressed_size=1173 bytes)
[debug] [2026-08-16T00:17:06.738Z] [unzip] Processing entry: client/assets/provider-icons/auth_service_play_games.svg
[debug] [2026-08-16T00:17:06.738Z] [unzip] else mkdir: /home/codespace/.cache/firebase/emulators/ui-v1.15.0/client/assets/provider-icons
[debug] [2026-08-16T00:17:06.739Z] [unzip] deflating: /home/codespace/.cache/firebase/emulators/ui-v1.15.0/client/assets/provider-icons/auth_service_play_games.svg
[debug] [2026-08-16T00:17:06.739Z] [unzip] Entry: client/assets/provider-icons/auth_service_email.svg (compressed_size=228 bytes, uncompressed_size=326 bytes)
[debug] [2026-08-16T00:17:06.739Z] [unzip] Processing entry: client/assets/provider-icons/auth_service_email.svg
[debug] [2026-08-16T00:17:06.739Z] [unzip] else mkdir: /home/codespace/.cache/firebase/emulators/ui-v1.15.0/client/assets/provider-icons
[debug] [2026-08-16T00:17:06.740Z] [unzip] deflating: /home/codespace/.cache/firebase/emulators/ui-v1.15.0/client/assets/provider-icons/auth_service_email.svg
[debug] [2026-08-16T00:17:06.740Z] [unzip] Entry: client/assets/provider-icons/auth_service_google.svg (compressed_size=409 bytes, uncompressed_size=720 bytes)
[debug] [2026-08-16T00:17:06.740Z] [unzip] Processing entry: client/assets/provider-icons/auth_service_google.svg
[debug] [2026-08-16T00:17:06.740Z] [unzip] else mkdir: /home/codespace/.cache/firebase/emulators/ui-v1.15.0/client/assets/provider-icons
[debug] [2026-08-16T00:17:06.741Z] [unzip] deflating: /home/codespace/.cache/firebase/emulators/ui-v1.15.0/client/assets/provider-icons/auth_service_google.svg
[debug] [2026-08-16T00:17:06.741Z] [unzip] Entry: client/assets/provider-icons/auth_service_oidc.svg (compressed_size=414 bytes, uncompressed_size=858 bytes)
[debug] [2026-08-16T00:17:06.742Z] [unzip] Processing entry: client/assets/provider-icons/auth_service_oidc.svg
[debug] [2026-08-16T00:17:06.742Z] [unzip] else mkdir: /home/codespace/.cache/firebase/emulators/ui-v1.15.0/client/assets/provider-icons
[debug] [2026-08-16T00:17:06.742Z] [unzip] deflating: /home/codespace/.cache/firebase/emulators/ui-v1.15.0/client/assets/provider-icons/auth_service_oidc.svg
[debug] [2026-08-16T00:17:06.742Z] [unzip] Entry: client/browserconfig.xml (compressed_size=491 bytes, uncompressed_size=822 bytes)
[debug] [2026-08-16T00:17:06.742Z] [unzip] Processing entry: client/browserconfig.xml
[debug] [2026-08-16T00:17:06.743Z] [unzip] else mkdir: /home/codespace/.cache/firebase/emulators/ui-v1.15.0/client
[debug] [2026-08-16T00:17:06.743Z] [unzip] deflating: /home/codespace/.cache/firebase/emulators/ui-v1.15.0/client/browserconfig.xml
[debug] [2026-08-16T00:17:06.743Z] [unzip] Entry: client/favicon-32x32.png (compressed_size=475 bytes, uncompressed_size=475 bytes)
[debug] [2026-08-16T00:17:06.743Z] [unzip] Processing entry: client/favicon-32x32.png
[debug] [2026-08-16T00:17:06.743Z] [unzip] else mkdir: /home/codespace/.cache/firebase/emulators/ui-v1.15.0/client
[debug] [2026-08-16T00:17:06.744Z] [unzip] Writing file: /home/codespace/.cache/firebase/emulators/ui-v1.15.0/client/favicon-32x32.png
[debug] [2026-08-16T00:17:06.744Z] [unzip] Entry: server/ (compressed_size=0 bytes, uncompressed_size=0 bytes)
[debug] [2026-08-16T00:17:06.744Z] [unzip] Processing entry: server/
[debug] [2026-08-16T00:17:06.744Z] [unzip] mkdir: /home/codespace/.cache/firebase/emulators/ui-v1.15.0/server/
[debug] [2026-08-16T00:17:06.744Z] [unzip] Entry: server/server.mjs.map (compressed_size=217845 bytes, uncompressed_size=944978 bytes)
[debug] [2026-08-16T00:17:06.744Z] [unzip] Processing entry: server/server.mjs.map
[debug] [2026-08-16T00:17:06.744Z] [unzip] else mkdir: /home/codespace/.cache/firebase/emulators/ui-v1.15.0/server
[debug] [2026-08-16T00:17:06.744Z] [unzip] deflating: /home/codespace/.cache/firebase/emulators/ui-v1.15.0/server/server.mjs.map
[debug] [2026-08-16T00:17:06.750Z] [unzip] Entry: server/server.mjs (compressed_size=276407 bytes, uncompressed_size=933701 bytes)
[debug] [2026-08-16T00:17:06.750Z] [unzip] Processing entry: server/server.mjs
[debug] [2026-08-16T00:17:06.750Z] [unzip] else mkdir: /home/codespace/.cache/firebase/emulators/ui-v1.15.0/server
[debug] [2026-08-16T00:17:06.750Z] [unzip] deflating: /home/codespace/.cache/firebase/emulators/ui-v1.15.0/server/server.mjs
[debug] [2026-08-16T00:17:06.757Z] [Extensions] Connecting Extensions emulator, this is a noop.
[info] i  functions: Watching "/workspaces/leternel-store-/functions" for Cloud Functions... {"metadata":{"emulator":{"name":"functions"},"message":"Watching \"/workspaces/leternel-store-/functions\" for Cloud Functions..."}}
[debug] [2026-08-16T00:17:06.759Z] Validating nodejs source
[warn] ⚠  functions: Couldn't find firebase-functions package in your source code. Have you run 'npm install'? 
[debug] [2026-08-16T00:17:06.759Z] getFunctionsSDKVersion encountered error: Cannot find module 'firebase-functions'
Require stack:
- /usr/local/share/nvm/versions/node/v24.14.0/lib/node_modules/firebase-tools/lib/deploy/functions/runtimes/node/versioning.js
- /usr/local/share/nvm/versions/node/v24.14.0/lib/node_modules/firebase-tools/lib/deploy/functions/runtimes/node/index.js
- /usr/local/share/nvm/versions/node/v24.14.0/lib/node_modules/firebase-tools/lib/deploy/functions/runtimes/index.js
- /usr/local/share/nvm/versions/node/v24.14.0/lib/node_modules/firebase-tools/lib/deploy/functions/prepare.js
- /usr/local/share/nvm/versions/node/v24.14.0/lib/node_modules/firebase-tools/lib/emulator/functionsEmulatorShared.js
- /usr/local/share/nvm/versions/node/v24.14.0/lib/node_modules/firebase-tools/lib/emulator/functionsEmulator.js
- /usr/local/share/nvm/versions/node/v24.14.0/lib/node_modules/firebase-tools/lib/emulator/controller.js
- /usr/local/share/nvm/versions/node/v24.14.0/lib/node_modules/firebase-tools/lib/commands/emulators-start.js
- /usr/local/share/nvm/versions/node/v24.14.0/lib/node_modules/firebase-tools/lib/commands/index.js
- /usr/local/share/nvm/versions/node/v24.14.0/lib/node_modules/firebase-tools/lib/index.js
- /usr/local/share/nvm/versions/node/v24.14.0/lib/node_modules/firebase-tools/lib/bin/cli.js
- /usr/local/share/nvm/versions/node/v24.14.0/lib/node_modules/firebase-tools/lib/bin/firebase.js {"code":"MODULE_NOT_FOUND","requireStack":["/usr/local/share/nvm/versions/node/v24.14.0/lib/node_modules/firebase-tools/lib/deploy/functions/runtimes/node/versioning.js","/usr/local/share/nvm/versions/node/v24.14.0/lib/node_modules/firebase-tools/lib/deploy/functions/runtimes/node/index.js","/usr/local/share/nvm/versions/node/v24.14.0/lib/node_modules/firebase-tools/lib/deploy/functions/runtimes/index.js","/usr/local/share/nvm/versions/node/v24.14.0/lib/node_modules/firebase-tools/lib/deploy/functions/prepare.js","/usr/local/share/nvm/versions/node/v24.14.0/lib/node_modules/firebase-tools/lib/emulator/functionsEmulatorShared.js","/usr/local/share/nvm/versions/node/v24.14.0/lib/node_modules/firebase-tools/lib/emulator/functionsEmulator.js","/usr/local/share/nvm/versions/node/v24.14.0/lib/node_modules/firebase-tools/lib/emulator/controller.js","/usr/local/share/nvm/versions/node/v24.14.0/lib/node_modules/firebase-tools/lib/commands/emulators-start.js","/usr/local/share/nvm/versions/node/v24.14.0/lib/node_modules/firebase-tools/lib/commands/index.js","/usr/local/share/nvm/versions/node/v24.14.0/lib/node_modules/firebase-tools/lib/index.js","/usr/local/share/nvm/versions/node/v24.14.0/lib/node_modules/firebase-tools/lib/bin/cli.js","/usr/local/share/nvm/versions/node/v24.14.0/lib/node_modules/firebase-tools/lib/bin/firebase.js"]}
[debug] [2026-08-16T00:17:06.760Z] checkFunctionsSDKVersion encountered error: Invalid Version:  {}
[debug] [2026-08-16T00:17:06.760Z] > [functions] package.json contents: {
  "name": "leternel-store-functions",
  "version": "1.0.0",
  "description": "Secure Cloud Functions backend for L'ÉTERNEL Store.",
  "private": true,
  "main": "index.js",
  "engines": {
    "node": "22"
  },
  "scripts": {
    "lint": "eslint .",
    "lint:fix": "eslint . --fix",
    "serve": "firebase emulators:start --only functions,firestore,auth,storage",
    "shell": "firebase functions:shell",
    "start": "npm run shell",
    "deploy": "firebase deploy --only functions",
    "logs": "firebase functions:log",
    "test": "node --test",
    "test:rules": "node --test test/firestore-rules.test.js",
    "test:storage-rules": "node --test test/storage-rules.test.js",
    "test:emulator:checkout": "node --test test/emulator/full-stack-checkout.emulator.test.js"
  },
  "dependencies": {
    "firebase-admin": "^14.1.0",
    "firebase-functions": "^7.2.5"
  },
  "devDependencies": {
    "@eslint/js": "^9.0.0",
    "@firebase/rules-unit-testing": "^4.0.1",
    "eslint": "^9.0.0",
    "firebase": "^11.0.0",
    "firebase-functions-test": "^3.5.0",
    "globals": "^16.0.0"
  }
}
[debug] [2026-08-16T00:17:06.760Z] Building nodejs source
[debug] [2026-08-16T00:17:06.761Z] Failed to find version of module node: reached end of search path /workspaces/leternel-store-/functions/node_modules
[warn] ⚠  functions: Your requested "node" version "22" doesn't match your global version "24". Using node@24 from host. 
[debug] [2026-08-16T00:17:06.762Z] Could not parse firebase-functions version '' into semver.
[debug] [2026-08-16T00:17:06.762Z] Could not find functions.yaml. Must use http discovery
[error] ⬢  functions: Failed to load function definition from source: Error: Cannot find module 'firebase-functions'
Require stack:
- /usr/local/share/nvm/versions/node/v24.14.0/lib/node_modules/firebase-tools/lib/deploy/functions/runtimes/node/index.js
- /usr/local/share/nvm/versions/node/v24.14.0/lib/node_modules/firebase-tools/lib/deploy/functions/runtimes/index.js
- /usr/local/share/nvm/versions/node/v24.14.0/lib/node_modules/firebase-tools/lib/deploy/functions/prepare.js
- /usr/local/share/nvm/versions/node/v24.14.0/lib/node_modules/firebase-tools/lib/emulator/functionsEmulatorShared.js
- /usr/local/share/nvm/versions/node/v24.14.0/lib/node_modules/firebase-tools/lib/emulator/functionsEmulator.js
- /usr/local/share/nvm/versions/node/v24.14.0/lib/node_modules/firebase-tools/lib/emulator/controller.js
- /usr/local/share/nvm/versions/node/v24.14.0/lib/node_modules/firebase-tools/lib/commands/emulators-start.js
- /usr/local/share/nvm/versions/node/v24.14.0/lib/node_modules/firebase-tools/lib/commands/index.js
- /usr/local/share/nvm/versions/node/v24.14.0/lib/node_modules/firebase-tools/lib/index.js
- /usr/local/share/nvm/versions/node/v24.14.0/lib/node_modules/firebase-tools/lib/bin/cli.js
- /usr/local/share/nvm/versions/node/v24.14.0/lib/node_modules/firebase-tools/lib/bin/firebase.js {"metadata":{"emulator":{"name":"functions"},"message":"Failed to load function definition from source: Error: Cannot find module 'firebase-functions'\nRequire stack:\n- /usr/local/share/nvm/versions/node/v24.14.0/lib/node_modules/firebase-tools/lib/deploy/functions/runtimes/node/index.js\n- /usr/local/share/nvm/versions/node/v24.14.0/lib/node_modules/firebase-tools/lib/deploy/functions/runtimes/index.js\n- /usr/local/share/nvm/versions/node/v24.14.0/lib/node_modules/firebase-tools/lib/deploy/functions/prepare.js\n- /usr/local/share/nvm/versions/node/v24.14.0/lib/node_modules/firebase-tools/lib/emulator/functionsEmulatorShared.js\n- /usr/local/share/nvm/versions/node/v24.14.0/lib/node_modules/firebase-tools/lib/emulator/functionsEmulator.js\n- /usr/local/share/nvm/versions/node/v24.14.0/lib/node_modules/firebase-tools/lib/emulator/controller.js\n- /usr/local/share/nvm/versions/node/v24.14.0/lib/node_modules/firebase-tools/lib/commands/emulators-start.js\n- /usr/local/share/nvm/versions/node/v24.14.0/lib/node_modules/firebase-tools/lib/commands/index.js\n- /usr/local/share/nvm/versions/node/v24.14.0/lib/node_modules/firebase-tools/lib/index.js\n- /usr/local/share/nvm/versions/node/v24.14.0/lib/node_modules/firebase-tools/lib/bin/cli.js\n- /usr/local/share/nvm/versions/node/v24.14.0/lib/node_modules/firebase-tools/lib/bin/firebase.js"}}
[debug] [2026-08-16T00:17:06.772Z] Could not find VSCode notification endpoint: TypeError: fetch failed. If you are not running the Firebase SQL Connect VSCode extension, this is expected and not an issue.
[info] 
┌─────────────────────────────────────────────────────────────┐
│ ✔  All emulators ready! It is now safe to connect your app. │
│ i  View Emulator UI at http://127.0.0.1:4000/               │
└─────────────────────────────────────────────────────────────┘

┌────────────────┬────────────────┬──────────────────────────────────┐
│ Emulator       │ Host:Port      │ View in Emulator UI              │
├────────────────┼────────────────┼──────────────────────────────────┤
│ Authentication │ 127.0.0.1:9099 │ http://127.0.0.1:4000/auth       │
├────────────────┼────────────────┼──────────────────────────────────┤
│ Functions      │ 127.0.0.1:5001 │ http://127.0.0.1:4000/functions  │
├────────────────┼────────────────┼──────────────────────────────────┤
│ Firestore      │ 127.0.0.1:8080 │ http://127.0.0.1:4000/firestore  │
├────────────────┼────────────────┼──────────────────────────────────┤
│ Hosting        │ 127.0.0.1:5000 │ n/a                              │
├────────────────┼────────────────┼──────────────────────────────────┤
│ Storage        │ 127.0.0.1:9199 │ http://127.0.0.1:4000/storage    │
├────────────────┼────────────────┼──────────────────────────────────┤
│ Extensions     │ 127.0.0.1:5001 │ http://127.0.0.1:4000/extensions │
└────────────────┴────────────────┴──────────────────────────────────┘
  Emulator Hub host: 127.0.0.1 port: 4400
  Other reserved ports: 4500, 9150
┌─────────────────────────┬───────────────┬─────────────────────┐
│ Extension Instance Name │ Extension Ref │ View in Emulator UI │
└─────────────────────────┴───────────────┴─────────────────────┘
Issues? Report them at https://github.com/firebase/firebase-tools/issues and attach the *-debug.log files.
 
[info] i  hosting: 127.0.0.1 - - [16/Aug/2026:00:37:03 +0000] "GET /favicon.ico HTTP/1.1" 200 - "https://ubiquitous-space-dollop-699x6vrg64rr2rv6p-5000.app.github.dev/" "Mozilla/5.0 (Macintosh; Intel Mac OS X 10_15_7) AppleWebKit/537.36 (KHTML, like Gecko) Chrome/128.0.0.0 Safari/537.36" {"metadata":{"emulator":{"name":"hosting"},"message":"127.0.0.1 - - [16/Aug/2026:00:37:03 +0000] \"GET /favicon.ico HTTP/1.1\" 200 - \"https://ubiquitous-space-dollop-699x6vrg64rr2rv6p-5000.app.github.dev/\" \"Mozilla/5.0 (Macintosh; Intel Mac OS X 10_15_7) AppleWebKit/537.36 (KHTML, like Gecko) Chrome/128.0.0.0 Safari/537.36\""}}
[info] i  hosting: 127.0.0.1 - - [16/Aug/2026:00:38:27 +0000] "GET / HTTP/1.1" 200 - "https://ubiquitous-space-dollop-699x6vrg64rr2rv6p-5000.app.github.dev/" "Mozilla/5.0 (Macintosh; Intel Mac OS X 10_15_7) AppleWebKit/537.36 (KHTML, like Gecko) Chrome/128.0.0.0 Safari/537.36" {"metadata":{"emulator":{"name":"hosting"},"message":"127.0.0.1 - - [16/Aug/2026:00:38:27 +0000] \"GET / HTTP/1.1\" 200 - \"https://ubiquitous-space-dollop-699x6vrg64rr2rv6p-5000.app.github.dev/\" \"Mozilla/5.0 (Macintosh; Intel Mac OS X 10_15_7) AppleWebKit/537.36 (KHTML, like Gecko) Chrome/128.0.0.0 Safari/537.36\""}}
[info] i  hosting: 127.0.0.1 - - [16/Aug/2026:00:38:27 +0000] "GET /style.css HTTP/1.1" 200 - "https://ubiquitous-space-dollop-699x6vrg64rr2rv6p-5000.app.github.dev/" "Mozilla/5.0 (Macintosh; Intel Mac OS X 10_15_7) AppleWebKit/537.36 (KHTML, like Gecko) Chrome/128.0.0.0 Safari/537.36" {"metadata":{"emulator":{"name":"hosting"},"message":"127.0.0.1 - - [16/Aug/2026:00:38:27 +0000] \"GET /style.css HTTP/1.1\" 200 - \"https://ubiquitous-space-dollop-699x6vrg64rr2rv6p-5000.app.github.dev/\" \"Mozilla/5.0 (Macintosh; Intel Mac OS X 10_15_7) AppleWebKit/537.36 (KHTML, like Gecko) Chrome/128.0.0.0 Safari/537.36\""}}
[info] i  hosting: 127.0.0.1 - - [16/Aug/2026:00:38:28 +0000] "GET /firebase.js HTTP/1.1" 200 - "https://ubiquitous-space-dollop-699x6vrg64rr2rv6p-5000.app.github.dev/" "Mozilla/5.0 (Macintosh; Intel Mac OS X 10_15_7) AppleWebKit/537.36 (KHTML, like Gecko) Chrome/128.0.0.0 Safari/537.36" {"metadata":{"emulator":{"name":"hosting"},"message":"127.0.0.1 - - [16/Aug/2026:00:38:28 +0000] \"GET /firebase.js HTTP/1.1\" 200 - \"https://ubiquitous-space-dollop-699x6vrg64rr2rv6p-5000.app.github.dev/\" \"Mozilla/5.0 (Macintosh; Intel Mac OS X 10_15_7) AppleWebKit/537.36 (KHTML, like Gecko) Chrome/128.0.0.0 Safari/537.36\""}}
[info] i  hosting: 127.0.0.1 - - [16/Aug/2026:00:38:28 +0000] "GET /utils.js HTTP/1.1" 200 - "https://ubiquitous-space-dollop-699x6vrg64rr2rv6p-5000.app.github.dev/" "Mozilla/5.0 (Macintosh; Intel Mac OS X 10_15_7) AppleWebKit/537.36 (KHTML, like Gecko) Chrome/128.0.0.0 Safari/537.36" {"metadata":{"emulator":{"name":"hosting"},"message":"127.0.0.1 - - [16/Aug/2026:00:38:28 +0000] \"GET /utils.js HTTP/1.1\" 200 - \"https://ubiquitous-space-dollop-699x6vrg64rr2rv6p-5000.app.github.dev/\" \"Mozilla/5.0 (Macintosh; Intel Mac OS X 10_15_7) AppleWebKit/537.36 (KHTML, like Gecko) Chrome/128.0.0.0 Safari/537.36\""}}
[info] i  hosting: 127.0.0.1 - - [16/Aug/2026:00:38:28 +0000] "GET /app.js HTTP/1.1" 200 - "https://ubiquitous-space-dollop-699x6vrg64rr2rv6p-5000.app.github.dev/" "Mozilla/5.0 (Macintosh; Intel Mac OS X 10_15_7) AppleWebKit/537.36 (KHTML, like Gecko) Chrome/128.0.0.0 Safari/537.36" {"metadata":{"emulator":{"name":"hosting"},"message":"127.0.0.1 - - [16/Aug/2026:00:38:28 +0000] \"GET /app.js HTTP/1.1\" 200 - \"https://ubiquitous-space-dollop-699x6vrg64rr2rv6p-5000.app.github.dev/\" \"Mozilla/5.0 (Macintosh; Intel Mac OS X 10_15_7) AppleWebKit/537.36 (KHTML, like Gecko) Chrome/128.0.0.0 Safari/537.36\""}}
[info] i  hosting: 127.0.0.1 - - [16/Aug/2026:00:38:29 +0000] "GET /router.js HTTP/1.1" 200 - "https://ubiquitous-space-dollop-699x6vrg64rr2rv6p-5000.app.github.dev/" "Mozilla/5.0 (Macintosh; Intel Mac OS X 10_15_7) AppleWebKit/537.36 (KHTML, like Gecko) Chrome/128.0.0.0 Safari/537.36" {"metadata":{"emulator":{"name":"hosting"},"message":"127.0.0.1 - - [16/Aug/2026:00:38:29 +0000] \"GET /router.js HTTP/1.1\" 200 - \"https://ubiquitous-space-dollop-699x6vrg64rr2rv6p-5000.app.github.dev/\" \"Mozilla/5.0 (Macintosh; Intel Mac OS X 10_15_7) AppleWebKit/537.36 (KHTML, like Gecko) Chrome/128.0.0.0 Safari/537.36\""}}
[info] i  hosting: 127.0.0.1 - - [16/Aug/2026:00:38:29 +0000] "GET /wishlist.js HTTP/1.1" 200 - "https://ubiquitous-space-dollop-699x6vrg64rr2rv6p-5000.app.github.dev/" "Mozilla/5.0 (Macintosh; Intel Mac OS X 10_15_7) AppleWebKit/537.36 (KHTML, like Gecko) Chrome/128.0.0.0 Safari/537.36" {"metadata":{"emulator":{"name":"hosting"},"message":"127.0.0.1 - - [16/Aug/2026:00:38:29 +0000] \"GET /wishlist.js HTTP/1.1\" 200 - \"https://ubiquitous-space-dollop-699x6vrg64rr2rv6p-5000.app.github.dev/\" \"Mozilla/5.0 (Macintosh; Intel Mac OS X 10_15_7) AppleWebKit/537.36 (KHTML, like Gecko) Chrome/128.0.0.0 Safari/537.36\""}}
[info] i  hosting: 127.0.0.1 - - [16/Aug/2026:00:38:29 +0000] "GET /checkout.js HTTP/1.1" 200 - "https://ubiquitous-space-dollop-699x6vrg64rr2rv6p-5000.app.github.dev/" "Mozilla/5.0 (Macintosh; Intel Mac OS X 10_15_7) AppleWebKit/537.36 (KHTML, like Gecko) Chrome/128.0.0.0 Safari/537.36" {"metadata":{"emulator":{"name":"hosting"},"message":"127.0.0.1 - - [16/Aug/2026:00:38:29 +0000] \"GET /checkout.js HTTP/1.1\" 200 - \"https://ubiquitous-space-dollop-699x6vrg64rr2rv6p-5000.app.github.dev/\" \"Mozilla/5.0 (Macintosh; Intel Mac OS X 10_15_7) AppleWebKit/537.36 (KHTML, like Gecko) Chrome/128.0.0.0 Safari/537.36\""}}
[info] i  hosting: 127.0.0.1 - - [16/Aug/2026:00:38:29 +0000] "GET /search.js HTTP/1.1" 200 - "https://ubiquitous-space-dollop-699x6vrg64rr2rv6p-5000.app.github.dev/" "Mozilla/5.0 (Macintosh; Intel Mac OS X 10_15_7) AppleWebKit/537.36 (KHTML, like Gecko) Chrome/128.0.0.0 Safari/537.36" {"metadata":{"emulator":{"name":"hosting"},"message":"127.0.0.1 - - [16/Aug/2026:00:38:29 +0000] \"GET /search.js HTTP/1.1\" 200 - \"https://ubiquitous-space-dollop-699x6vrg64rr2rv6p-5000.app.github.dev/\" \"Mozilla/5.0 (Macintosh; Intel Mac OS X 10_15_7) AppleWebKit/537.36 (KHTML, like Gecko) Chrome/128.0.0.0 Safari/537.36\""}}
[info] i  hosting: 127.0.0.1 - - [16/Aug/2026:00:38:29 +0000] "GET /ui.js HTTP/1.1" 200 - "https://ubiquitous-space-dollop-699x6vrg64rr2rv6p-5000.app.github.dev/" "Mozilla/5.0 (Macintosh; Intel Mac OS X 10_15_7) AppleWebKit/537.36 (KHTML, like Gecko) Chrome/128.0.0.0 Safari/537.36" {"metadata":{"emulator":{"name":"hosting"},"message":"127.0.0.1 - - [16/Aug/2026:00:38:29 +0000] \"GET /ui.js HTTP/1.1\" 200 - \"https://ubiquitous-space-dollop-699x6vrg64rr2rv6p-5000.app.github.dev/\" \"Mozilla/5.0 (Macintosh; Intel Mac OS X 10_15_7) AppleWebKit/537.36 (KHTML, like Gecko) Chrome/128.0.0.0 Safari/537.36\""}}
[info] i  hosting: 127.0.0.1 - - [16/Aug/2026:00:38:29 +0000] "GET /profile.js HTTP/1.1" 200 - "https://ubiquitous-space-dollop-699x6vrg64rr2rv6p-5000.app.github.dev/" "Mozilla/5.0 (Macintosh; Intel Mac OS X 10_15_7) AppleWebKit/537.36 (KHTML, like Gecko) Chrome/128.0.0.0 Safari/537.36" {"metadata":{"emulator":{"name":"hosting"},"message":"127.0.0.1 - - [16/Aug/2026:00:38:29 +0000] \"GET /profile.js HTTP/1.1\" 200 - \"https://ubiquitous-space-dollop-699x6vrg64rr2rv6p-5000.app.github.dev/\" \"Mozilla/5.0 (Macintosh; Intel Mac OS X 10_15_7) AppleWebKit/537.36 (KHTML, like Gecko) Chrome/128.0.0.0 Safari/537.36\""}}
[info] i  hosting: 127.0.0.1 - - [16/Aug/2026:00:38:29 +0000] "GET /admin.js HTTP/1.1" 200 - "https://ubiquitous-space-dollop-699x6vrg64rr2rv6p-5000.app.github.dev/" "Mozilla/5.0 (Macintosh; Intel Mac OS X 10_15_7) AppleWebKit/537.36 (KHTML, like Gecko) Chrome/128.0.0.0 Safari/537.36" {"metadata":{"emulator":{"name":"hosting"},"message":"127.0.0.1 - - [16/Aug/2026:00:38:29 +0000] \"GET /admin.js HTTP/1.1\" 200 - \"https://ubiquitous-space-dollop-699x6vrg64rr2rv6p-5000.app.github.dev/\" \"Mozilla/5.0 (Macintosh; Intel Mac OS X 10_15_7) AppleWebKit/537.36 (KHTML, like Gecko) Chrome/128.0.0.0 Safari/537.36\""}}
[info] i  hosting: 127.0.0.1 - - [16/Aug/2026:00:38:29 +0000] "GET /cart.js HTTP/1.1" 200 - "https://ubiquitous-space-dollop-699x6vrg64rr2rv6p-5000.app.github.dev/" "Mozilla/5.0 (Macintosh; Intel Mac OS X 10_15_7) AppleWebKit/537.36 (KHTML, like Gecko) Chrome/128.0.0.0 Safari/537.36" {"metadata":{"emulator":{"name":"hosting"},"message":"127.0.0.1 - - [16/Aug/2026:00:38:29 +0000] \"GET /cart.js HTTP/1.1\" 200 - \"https://ubiquitous-space-dollop-699x6vrg64rr2rv6p-5000.app.github.dev/\" \"Mozilla/5.0 (Macintosh; Intel Mac OS X 10_15_7) AppleWebKit/537.36 (KHTML, like Gecko) Chrome/128.0.0.0 Safari/537.36\""}}
[info] i  hosting: 127.0.0.1 - - [16/Aug/2026:00:38:29 +0000] "GET /auth.js HTTP/1.1" 200 - "https://ubiquitous-space-dollop-699x6vrg64rr2rv6p-5000.app.github.dev/" "Mozilla/5.0 (Macintosh; Intel Mac OS X 10_15_7) AppleWebKit/537.36 (KHTML, like Gecko) Chrome/128.0.0.0 Safari/537.36" {"metadata":{"emulator":{"name":"hosting"},"message":"127.0.0.1 - - [16/Aug/2026:00:38:29 +0000] \"GET /auth.js HTTP/1.1\" 200 - \"https://ubiquitous-space-dollop-699x6vrg64rr2rv6p-5000.app.github.dev/\" \"Mozilla/5.0 (Macintosh; Intel Mac OS X 10_15_7) AppleWebKit/537.36 (KHTML, like Gecko) Chrome/128.0.0.0 Safari/537.36\""}}
[info] i  hosting: 127.0.0.1 - - [16/Aug/2026:00:38:29 +0000] "GET /products.js HTTP/1.1" 200 - "https://ubiquitous-space-dollop-699x6vrg64rr2rv6p-5000.app.github.dev/" "Mozilla/5.0 (Macintosh; Intel Mac OS X 10_15_7) AppleWebKit/537.36 (KHTML, like Gecko) Chrome/128.0.0.0 Safari/537.36" {"metadata":{"emulator":{"name":"hosting"},"message":"127.0.0.1 - - [16/Aug/2026:00:38:29 +0000] \"GET /products.js HTTP/1.1\" 200 - \"https://ubiquitous-space-dollop-699x6vrg64rr2rv6p-5000.app.github.dev/\" \"Mozilla/5.0 (Macintosh; Intel Mac OS X 10_15_7) AppleWebKit/537.36 (KHTML, like Gecko) Chrome/128.0.0.0 Safari/537.36\""}}
[info] i  hosting: 127.0.0.1 - - [16/Aug/2026:00:40:15 +0000] "GET /admin/administrators.html HTTP/1.1" 200 - "-" "Mozilla/5.0 (Macintosh; Intel Mac OS X 10_15_7) AppleWebKit/537.36 (KHTML, like Gecko) Chrome/128.0.0.0 Safari/537.36" {"metadata":{"emulator":{"name":"hosting"},"message":"127.0.0.1 - - [16/Aug/2026:00:40:15 +0000] \"GET /admin/administrators.html HTTP/1.1\" 200 - \"-\" \"Mozilla/5.0 (Macintosh; Intel Mac OS X 10_15_7) AppleWebKit/537.36 (KHTML, like Gecko) Chrome/128.0.0.0 Safari/537.36\""}}
[info] i  hosting: 127.0.0.1 - - [16/Aug/2026:00:40:15 +0000] "GET /admin/utils.js HTTP/1.1" 200 - "https://ubiquitous-space-dollop-699x6vrg64rr2rv6p-5000.app.github.dev/admin/administrators.html" "Mozilla/5.0 (Macintosh; Intel Mac OS X 10_15_7) AppleWebKit/537.36 (KHTML, like Gecko) Chrome/128.0.0.0 Safari/537.36" {"metadata":{"emulator":{"name":"hosting"},"message":"127.0.0.1 - - [16/Aug/2026:00:40:15 +0000] \"GET /admin/utils.js HTTP/1.1\" 200 - \"https://ubiquitous-space-dollop-699x6vrg64rr2rv6p-5000.app.github.dev/admin/administrators.html\" \"Mozilla/5.0 (Macintosh; Intel Mac OS X 10_15_7) AppleWebKit/537.36 (KHTML, like Gecko) Chrome/128.0.0.0 Safari/537.36\""}}
[info] i  hosting: 127.0.0.1 - - [16/Aug/2026:00:40:15 +0000] "GET /admin/style.css HTTP/1.1" 200 - "https://ubiquitous-space-dollop-699x6vrg64rr2rv6p-5000.app.github.dev/admin/administrators.html" "Mozilla/5.0 (Macintosh; Intel Mac OS X 10_15_7) AppleWebKit/537.36 (KHTML, like Gecko) Chrome/128.0.0.0 Safari/537.36" {"metadata":{"emulator":{"name":"hosting"},"message":"127.0.0.1 - - [16/Aug/2026:00:40:15 +0000] \"GET /admin/style.css HTTP/1.1\" 200 - \"https://ubiquitous-space-dollop-699x6vrg64rr2rv6p-5000.app.github.dev/admin/administrators.html\" \"Mozilla/5.0 (Macintosh; Intel Mac OS X 10_15_7) AppleWebKit/537.36 (KHTML, like Gecko) Chrome/128.0.0.0 Safari/537.36\""}}
[info] i  hosting: 127.0.0.1 - - [16/Aug/2026:00:40:15 +0000] "GET /admin/app.js HTTP/1.1" 200 - "https://ubiquitous-space-dollop-699x6vrg64rr2rv6p-5000.app.github.dev/admin/administrators.html" "Mozilla/5.0 (Macintosh; Intel Mac OS X 10_15_7) AppleWebKit/537.36 (KHTML, like Gecko) Chrome/128.0.0.0 Safari/537.36" {"metadata":{"emulator":{"name":"hosting"},"message":"127.0.0.1 - - [16/Aug/2026:00:40:15 +0000] \"GET /admin/app.js HTTP/1.1\" 200 - \"https://ubiquitous-space-dollop-699x6vrg64rr2rv6p-5000.app.github.dev/admin/administrators.html\" \"Mozilla/5.0 (Macintosh; Intel Mac OS X 10_15_7) AppleWebKit/537.36 (KHTML, like Gecko) Chrome/128.0.0.0 Safari/537.36\""}}
[info] i  hosting: 127.0.0.1 - - [16/Aug/2026:00:40:15 +0000] "GET /admin/firebase.js HTTP/1.1" 200 - "https://ubiquitous-space-dollop-699x6vrg64rr2rv6p-5000.app.github.dev/admin/administrators.html" "Mozilla/5.0 (Macintosh; Intel Mac OS X 10_15_7) AppleWebKit/537.36 (KHTML, like Gecko) Chrome/128.0.0.0 Safari/537.36" {"metadata":{"emulator":{"name":"hosting"},"message":"127.0.0.1 - - [16/Aug/2026:00:40:15 +0000] \"GET /admin/firebase.js HTTP/1.1\" 200 - \"https://ubiquitous-space-dollop-699x6vrg64rr2rv6p-5000.app.github.dev/admin/administrators.html\" \"Mozilla/5.0 (Macintosh; Intel Mac OS X 10_15_7) AppleWebKit/537.36 (KHTML, like Gecko) Chrome/128.0.0.0 Safari/537.36\""}}
[info] i  hosting: 127.0.0.1 - - [16/Aug/2026:00:40:15 +0000] "GET /admin/auth.js HTTP/1.1" 200 - "https://ubiquitous-space-dollop-699x6vrg64rr2rv6p-5000.app.github.dev/admin/administrators.html" "Mozilla/5.0 (Macintosh; Intel Mac OS X 10_15_7) AppleWebKit/537.36 (KHTML, like Gecko) Chrome/128.0.0.0 Safari/537.36" {"metadata":{"emulator":{"name":"hosting"},"message":"127.0.0.1 - - [16/Aug/2026:00:40:15 +0000] \"GET /admin/auth.js HTTP/1.1\" 200 - \"https://ubiquitous-space-dollop-699x6vrg64rr2rv6p-5000.app.github.dev/admin/administrators.html\" \"Mozilla/5.0 (Macintosh; Intel Mac OS X 10_15_7) AppleWebKit/537.36 (KHTML, like Gecko) Chrome/128.0.0.0 Safari/537.36\""}}
[info] i  hosting: 127.0.0.1 - - [16/Aug/2026:00:40:15 +0000] "GET /admin/products.js HTTP/1.1" 200 - "https://ubiquitous-space-dollop-699x6vrg64rr2rv6p-5000.app.github.dev/admin/administrators.html" "Mozilla/5.0 (Macintosh; Intel Mac OS X 10_15_7) AppleWebKit/537.36 (KHTML, like Gecko) Chrome/128.0.0.0 Safari/537.36" {"metadata":{"emulator":{"name":"hosting"},"message":"127.0.0.1 - - [16/Aug/2026:00:40:15 +0000] \"GET /admin/products.js HTTP/1.1\" 200 - \"https://ubiquitous-space-dollop-699x6vrg64rr2rv6p-5000.app.github.dev/admin/administrators.html\" \"Mozilla/5.0 (Macintosh; Intel Mac OS X 10_15_7) AppleWebKit/537.36 (KHTML, like Gecko) Chrome/128.0.0.0 Safari/537.36\""}}
[info] i  hosting: 127.0.0.1 - - [16/Aug/2026:00:40:15 +0000] "GET /admin/wishlist.js HTTP/1.1" 200 - "https://ubiquitous-space-dollop-699x6vrg64rr2rv6p-5000.app.github.dev/admin/administrators.html" "Mozilla/5.0 (Macintosh; Intel Mac OS X 10_15_7) AppleWebKit/537.36 (KHTML, like Gecko) Chrome/128.0.0.0 Safari/537.36" {"metadata":{"emulator":{"name":"hosting"},"message":"127.0.0.1 - - [16/Aug/2026:00:40:15 +0000] \"GET /admin/wishlist.js HTTP/1.1\" 200 - \"https://ubiquitous-space-dollop-699x6vrg64rr2rv6p-5000.app.github.dev/admin/administrators.html\" \"Mozilla/5.0 (Macintosh; Intel Mac OS X 10_15_7) AppleWebKit/537.36 (KHTML, like Gecko) Chrome/128.0.0.0 Safari/537.36\""}}
[info] i  hosting: 127.0.0.1 - - [16/Aug/2026:00:40:15 +0000] "GET /admin/checkout.js HTTP/1.1" 200 - "https://ubiquitous-space-dollop-699x6vrg64rr2rv6p-5000.app.github.dev/admin/administrators.html" "Mozilla/5.0 (Macintosh; Intel Mac OS X 10_15_7) AppleWebKit/537.36 (KHTML, like Gecko) Chrome/128.0.0.0 Safari/537.36" {"metadata":{"emulator":{"name":"hosting"},"message":"127.0.0.1 - - [16/Aug/2026:00:40:15 +0000] \"GET /admin/checkout.js HTTP/1.1\" 200 - \"https://ubiquitous-space-dollop-699x6vrg64rr2rv6p-5000.app.github.dev/admin/administrators.html\" \"Mozilla/5.0 (Macintosh; Intel Mac OS X 10_15_7) AppleWebKit/537.36 (KHTML, like Gecko) Chrome/128.0.0.0 Safari/537.36\""}}
[info] i  hosting: 127.0.0.1 - - [16/Aug/2026:00:40:15 +0000] "GET /admin/cart.js HTTP/1.1" 200 - "https://ubiquitous-space-dollop-699x6vrg64rr2rv6p-5000.app.github.dev/admin/administrators.html" "Mozilla/5.0 (Macintosh; Intel Mac OS X 10_15_7) AppleWebKit/537.36 (KHTML, like Gecko) Chrome/128.0.0.0 Safari/537.36" {"metadata":{"emulator":{"name":"hosting"},"message":"127.0.0.1 - - [16/Aug/2026:00:40:15 +0000] \"GET /admin/cart.js HTTP/1.1\" 200 - \"https://ubiquitous-space-dollop-699x6vrg64rr2rv6p-5000.app.github.dev/admin/administrators.html\" \"Mozilla/5.0 (Macintosh; Intel Mac OS X 10_15_7) AppleWebKit/537.36 (KHTML, like Gecko) Chrome/128.0.0.0 Safari/537.36\""}}
[info] i  hosting: 127.0.0.1 - - [16/Aug/2026:00:40:15 +0000] "GET /admin/router.js HTTP/1.1" 200 - "https://ubiquitous-space-dollop-699x6vrg64rr2rv6p-5000.app.github.dev/admin/administrators.html" "Mozilla/5.0 (Macintosh; Intel Mac OS X 10_15_7) AppleWebKit/537.36 (KHTML, like Gecko) Chrome/128.0.0.0 Safari/537.36" {"metadata":{"emulator":{"name":"hosting"},"message":"127.0.0.1 - - [16/Aug/2026:00:40:15 +0000] \"GET /admin/router.js HTTP/1.1\" 200 - \"https://ubiquitous-space-dollop-699x6vrg64rr2rv6p-5000.app.github.dev/admin/administrators.html\" \"Mozilla/5.0 (Macintosh; Intel Mac OS X 10_15_7) AppleWebKit/537.36 (KHTML, like Gecko) Chrome/128.0.0.0 Safari/537.36\""}}
[info] i  hosting: 127.0.0.1 - - [16/Aug/2026:00:40:15 +0000] "GET /admin/profile.js HTTP/1.1" 200 - "https://ubiquitous-space-dollop-699x6vrg64rr2rv6p-5000.app.github.dev/admin/administrators.html" "Mozilla/5.0 (Macintosh; Intel Mac OS X 10_15_7) AppleWebKit/537.36 (KHTML, like Gecko) Chrome/128.0.0.0 Safari/537.36" {"metadata":{"emulator":{"name":"hosting"},"message":"127.0.0.1 - - [16/Aug/2026:00:40:15 +0000] \"GET /admin/profile.js HTTP/1.1\" 200 - \"https://ubiquitous-space-dollop-699x6vrg64rr2rv6p-5000.app.github.dev/admin/administrators.html\" \"Mozilla/5.0 (Macintosh; Intel Mac OS X 10_15_7) AppleWebKit/537.36 (KHTML, like Gecko) Chrome/128.0.0.0 Safari/537.36\""}}
[info] i  hosting: 127.0.0.1 - - [16/Aug/2026:00:40:15 +0000] "GET /admin/admin.js HTTP/1.1" 200 - "https://ubiquitous-space-dollop-699x6vrg64rr2rv6p-5000.app.github.dev/admin/administrators.html" "Mozilla/5.0 (Macintosh; Intel Mac OS X 10_15_7) AppleWebKit/537.36 (KHTML, like Gecko) Chrome/128.0.0.0 Safari/537.36" {"metadata":{"emulator":{"name":"hosting"},"message":"127.0.0.1 - - [16/Aug/2026:00:40:15 +0000] \"GET /admin/admin.js HTTP/1.1\" 200 - \"https://ubiquitous-space-dollop-699x6vrg64rr2rv6p-5000.app.github.dev/admin/administrators.html\" \"Mozilla/5.0 (Macintosh; Intel Mac OS X 10_15_7) AppleWebKit/537.36 (KHTML, like Gecko) Chrome/128.0.0.0 Safari/537.36\""}}
[info] i  hosting: 127.0.0.1 - - [16/Aug/2026:00:40:16 +0000] "GET /admin/search.js HTTP/1.1" 200 - "https://ubiquitous-space-dollop-699x6vrg64rr2rv6p-5000.app.github.dev/admin/administrators.html" "Mozilla/5.0 (Macintosh; Intel Mac OS X 10_15_7) AppleWebKit/537.36 (KHTML, like Gecko) Chrome/128.0.0.0 Safari/537.36" {"metadata":{"emulator":{"name":"hosting"},"message":"127.0.0.1 - - [16/Aug/2026:00:40:16 +0000] \"GET /admin/search.js HTTP/1.1\" 200 - \"https://ubiquitous-space-dollop-699x6vrg64rr2rv6p-5000.app.github.dev/admin/administrators.html\" \"Mozilla/5.0 (Macintosh; Intel Mac OS X 10_15_7) AppleWebKit/537.36 (KHTML, like Gecko) Chrome/128.0.0.0 Safari/537.36\""}}
[info] i  hosting: 127.0.0.1 - - [16/Aug/2026:00:40:16 +0000] "GET /admin/ui.js HTTP/1.1" 200 - "https://ubiquitous-space-dollop-699x6vrg64rr2rv6p-5000.app.github.dev/admin/administrators.html" "Mozilla/5.0 (Macintosh; Intel Mac OS X 10_15_7) AppleWebKit/537.36 (KHTML, like Gecko) Chrome/128.0.0.0 Safari/537.36" {"metadata":{"emulator":{"name":"hosting"},"message":"127.0.0.1 - - [16/Aug/2026:00:40:16 +0000] \"GET /admin/ui.js HTTP/1.1\" 200 - \"https://ubiquitous-space-dollop-699x6vrg64rr2rv6p-5000.app.github.dev/admin/administrators.html\" \"Mozilla/5.0 (Macintosh; Intel Mac OS X 10_15_7) AppleWebKit/537.36 (KHTML, like Gecko) Chrome/128.0.0.0 Safari/537.36\""}}
